TCGCATTCAAGCGTCTCTGG	2L	-	16332436	2
TTGACTAGCGATACTAGTGG	3L	-	846890	2
GGGGGCTACAGTGGACGGGG	3R	-	7485258	7
ACATAAGGTACTGGACTCGT	3R	+	17422872	2
ATTAGGCCACCAGGACTCAA	pT2	+	522	2
CAACGCACACAGTCGATTTA	pT2	+	522	2
CGAAAAGCATAAACTGGGTG	pT2	+	522	2
NGCTGCGTGTACAACGTCTA	pT2	+	522	2
